---
source: vercre-holder/src/issuance.rs
assertion_line: 483
expression: "&jwt"
---
header:
  alg: EdDSA
  typ: openid4vci-proof+jwt
  kid: "did:jwk:eyJjcnYiOiJYMjU1MTkiLCJrdHkiOiJPS1AiLCJ1c2UiOiJlbmMiLCJ4IjoiM0xnOXl2aUFtVERDdVZPeUxYSTNscTlTMnBIbTczeXIzd3dBa2p3Q0FodyJ9#0"
claims:
  iss: 96bfb9cb-0513-7d64-5532-bed74c48f9ab
  aud: "http://vercre.io"
  iat: "[timestamp]"
