---
source: vercre-issuer/src/deferred.rs
assertion_line: 162
expression: "&response"
---
credential: "[credential]"
c_nonce: "[c_nonce]"
c_nonce_expires_in: 599
