---
source: vercre-issuer/src/deferred.rs
assertion_line: 252
expression: state
---
expires_at: "[expires_at]"
credential_issuer: "http://vercre.io"
credential_configuration_ids:
  - EmployeeID_JWT
subject_id: normal_user
token:
  access_token: tkn-ABCDEF
  token_type: Bearer
  c_nonce: "[c_nonce]"
  c_nonce_expires_at: "[c_nonce_expires_at]"
