---
source: vercre-wallet/src/presentation.rs
assertion_line: 267
expression: app.view(&model)
---
credentials: "[]"
status: Inactive
