---
source: src/oid4vci/issuer.rs
assertion_line: 2602
expression: "&claims"
---
- Address.Country
- Address.Locality
- Address.Region
- Address.Street Address
- Email
- Family name
- Given name
