---
source: vercre-wallet/tests/presentation.rs
assertion_line: 86
expression: app.view(&model)
---
credentials: []
status: Requested

