---
source: vercre-vci/src/credential.rs
assertion_line: 171
expression: response
---
credential: "[credential]"
c_nonce: "[c_nonce]"
c_nonce_expires_in: "[c_nonce_expires_in]"
