---
source: vercre-holder/tests/wallet_scope.rs
assertion_line: 53
expression: auth_credentials
---
issuance_id: "[issuance_id]"
