---
source: tests/notification.rs
assertion_line: 41
expression: response
---
{}
